==============================================
  無人戰略:鋼鐵與蜂群  Drone Tactics: Steel vs. Swarm
  本機:  http://localhost:8620
  區網:  http://100.120.189.89:8620
  區網:  http://192.168.1.113:8620
==============================================
🏠 建立房間 4397(測試戰區)
⚔️ 房間 4397 開戰:測試戰區
🏠 建立房間 5880(UI 測試戰區)
🏠 建立房間 9658(指揮官)
🏠 建立房間 2109(指揮官)
⚔️ 房間 2109 開戰:臺北市 南港區
🏠 建立房間 3110(指揮官)
⚔️ 房間 3110 開戰:臺北市 南港區
🧹 房間 4397 已清除
🏠 建立房間 6175(指揮官)
⚔️ 房間 6175 開戰:診斷戰區
🧹 房間 5880 已清除
🏠 建立房間 8790(指揮官)
⚔️ 房間 8790 開戰:診斷戰區
🧹 房間 9658 已清除
🏠 建立房間 6730(指揮官)
⚔️ 房間 6730 開戰:診斷戰區
🏠 建立房間 4367(指揮官)
⚔️ 房間 4367 開戰:臺北市 南港區
🧹 房間 2109 已清除
🧹 房間 3110 已清除
🧹 房間 6175 已清除
🧹 房間 8790 已清除
🧹 房間 6730 已清除
🧹 房間 4367 已清除
